2025-09-15 10:11:15.327 +06:00 [INF] Application Starting......
2025-09-15 10:25:15.622 +06:00 [WRN] You do not have a valid license key for the Lucky Penny software MediatR. This is allowed for development and testing scenarios. If you are running in production you are required to have a licensed version. Please visit https://luckypennysoftware.com to obtain a valid license.
2025-09-15 10:36:56.283 +06:00 [INF] Application Starting......
2025-09-15 10:37:14.787 +06:00 [WRN] You do not have a valid license key for the Lucky Penny software MediatR. This is allowed for development and testing scenarios. If you are running in production you are required to have a licensed version. Please visit https://luckypennysoftware.com to obtain a valid license.
2025-09-15 14:47:23.128 +06:00 [INF] Application Starting......
2025-09-15 15:02:13.500 +06:00 [WRN] You do not have a valid license key for the Lucky Penny software MediatR. This is allowed for development and testing scenarios. If you are running in production you are required to have a licensed version. Please visit https://luckypennysoftware.com to obtain a valid license.
2025-09-15 18:30:41.381 +06:00 [INF] Application Starting......
2025-09-15 18:32:28.869 +06:00 [WRN] You do not have a valid license key for the Lucky Penny software MediatR. This is allowed for development and testing scenarios. If you are running in production you are required to have a licensed version. Please visit https://luckypennysoftware.com to obtain a valid license.
2025-09-15 20:21:52.527 +06:00 [INF] Application Starting......
2025-09-15 20:23:54.105 +06:00 [ERR] An unhandled exception has occurred while executing the request.
System.InvalidOperationException: Unsupported HTTP method: 
   at ApiDescriptionExtensions.GetOperationType(ApiDescription apiDescription)
   at Microsoft.AspNetCore.OpenApi.OpenApiDocumentService.GetOperationsAsync(IGrouping`2 descriptions, HashSet`1 capturedTags, IServiceProvider scopedServiceProvider, IOpenApiOperationTransformer[] operationTransformers, IOpenApiSchemaTransformer[] schemaTransformers, CancellationToken cancellationToken)
   at Microsoft.AspNetCore.OpenApi.OpenApiDocumentService.GetOpenApiPathsAsync(HashSet`1 capturedTags, IServiceProvider scopedServiceProvider, IOpenApiOperationTransformer[] operationTransformers, IOpenApiSchemaTransformer[] schemaTransformers, CancellationToken cancellationToken)
   at Microsoft.AspNetCore.OpenApi.OpenApiDocumentService.GetOpenApiDocumentAsync(IServiceProvider scopedServiceProvider, HttpRequest httpRequest, CancellationToken cancellationToken)
   at Microsoft.AspNetCore.Builder.OpenApiEndpointRouteBuilderExtensions.<>c__DisplayClass0_0.<<MapOpenApi>b__0>d.MoveNext()
--- End of stack trace from previous location ---
   at Microsoft.AspNetCore.Http.Generated.<GeneratedRouteBuilderExtensions_g>F56B68D2B55B5B7B373BA2E4796D897848BC0F04A969B1AF6260183E8B9E0BAF2__GeneratedRouteBuilderExtensionsCore.<>c__DisplayClass2_0.<<MapGet0>g__RequestHandler|5>d.MoveNext()
--- End of stack trace from previous location ---
   at Microsoft.AspNetCore.Authorization.AuthorizationMiddleware.Invoke(HttpContext context)
   at Microsoft.AspNetCore.Authentication.AuthenticationMiddleware.Invoke(HttpContext context)
   at Swashbuckle.AspNetCore.SwaggerUI.SwaggerUIMiddleware.Invoke(HttpContext httpContext)
   at Microsoft.AspNetCore.Diagnostics.DeveloperExceptionPageMiddlewareImpl.Invoke(HttpContext context)
2025-09-15 20:24:14.633 +06:00 [INF] Application Starting......
2025-09-15 20:27:03.431 +06:00 [WRN] You do not have a valid license key for the Lucky Penny software MediatR. This is allowed for development and testing scenarios. If you are running in production you are required to have a licensed version. Please visit https://luckypennysoftware.com to obtain a valid license.
2025-09-15 20:41:11.262 +06:00 [INF] Application Starting......
2025-09-15 20:41:23.951 +06:00 [WRN] You do not have a valid license key for the Lucky Penny software MediatR. This is allowed for development and testing scenarios. If you are running in production you are required to have a licensed version. Please visit https://luckypennysoftware.com to obtain a valid license.
2025-09-15 21:33:24.749 +06:00 [INF] Application Starting......
2025-09-15 21:33:41.663 +06:00 [WRN] You do not have a valid license key for the Lucky Penny software MediatR. This is allowed for development and testing scenarios. If you are running in production you are required to have a licensed version. Please visit https://luckypennysoftware.com to obtain a valid license.
2025-09-15 22:58:09.564 +06:00 [INF] Application Starting......
2025-09-15 22:58:36.798 +06:00 [WRN] You do not have a valid license key for the Lucky Penny software MediatR. This is allowed for development and testing scenarios. If you are running in production you are required to have a licensed version. Please visit https://luckypennysoftware.com to obtain a valid license.
2025-09-15 23:27:26.177 +06:00 [INF] Application Starting......
2025-09-15 23:27:37.638 +06:00 [WRN] You do not have a valid license key for the Lucky Penny software MediatR. This is allowed for development and testing scenarios. If you are running in production you are required to have a licensed version. Please visit https://luckypennysoftware.com to obtain a valid license.
2025-09-15 23:28:13.462 +06:00 [INF] Application Starting......
2025-09-15 23:28:30.396 +06:00 [WRN] You do not have a valid license key for the Lucky Penny software MediatR. This is allowed for development and testing scenarios. If you are running in production you are required to have a licensed version. Please visit https://luckypennysoftware.com to obtain a valid license.
